
> frontend@0.0.0 build
> tsc -b && vite build

[36mvite v7.3.1 [32mbuilding client environment for production...[36m[39m
transforming...
[32mΓ£ô[39m 6 modules transformed.
node.exe : [31mΓ£ù[39m 
Build failed in 277ms
At line:1 char:1
+ & "C:\Program 
Files\nodejs/node.exe" 
"C:\Program 
Files\nodejs/node_mo ...
+ ~~~~~~~~~~~~~~~~~~~~~~~~
~~~~~~~~~~~~~~~~~~~~~~~~~~
~~~~~~~~~~~~~~~~~~~
    + CategoryInfo        
      : NotSpecified: (  
  [31mΓ£ù[39m Build fa   
 iled in 277ms:String)    
 [], RemoteException
    + FullyQualifiedError 
   Id : NativeCommandErr  
  or
 
[31merror during build:
[31m[@tailwindcss/vite:ge
nerate:build] Cannot 
apply unknown utility 
class `shadow-[0_8px_30px_
rgb(0,`[31m
file: [36mC:/Users/sushma
nth/Downloads/BUSBOOKINGSY
STEM/frontend/src/index.cs
s[31m
    at onInvalidCandidate 
(file:///C:/Users/sushmant
h/Downloads/BUSBOOKINGSYST
EM/frontend/node_modules/t
ailwindcss/dist/chunk-L5IE
UH3R.mjs:21:1511)
    at $e (file:///C:/User
s/sushmanth/Downloads/BUSB
OOKINGSYSTEM/frontend/node
_modules/tailwindcss/dist/
chunk-L5IEUH3R.mjs:16:3674
0)
    at file:///C:/Users/su
shmanth/Downloads/BUSBOOKI
NGSYSTEM/frontend/node_mod
ules/tailwindcss/dist/chun
k-L5IEUH3R.mjs:21:355
    at Ar (file:///C:/User
s/sushmanth/Downloads/BUSB
OOKINGSYSTEM/frontend/node
_modules/tailwindcss/dist/
chunk-L5IEUH3R.mjs:3:1733)
    at I (file:///C:/Users
/sushmanth/Downloads/BUSBO
OKINGSYSTEM/frontend/node_
modules/tailwindcss/dist/c
hunk-L5IEUH3R.mjs:3:1377)
    at Ce (file:///C:/User
s/sushmanth/Downloads/BUSB
OOKINGSYSTEM/frontend/node
_modules/tailwindcss/dist/
chunk-L5IEUH3R.mjs:21:172)
    at Gi (file:///C:/User
s/sushmanth/Downloads/BUSB
OOKINGSYSTEM/frontend/node
_modules/tailwindcss/dist/
chunk-L5IEUH3R.mjs:38:294)
    at async ao (file:///C
:/Users/sushmanth/Download
s/BUSBOOKINGSYSTEM/fronten
d/node_modules/tailwindcss
/dist/chunk-L5IEUH3R.mjs:3
8:631)
    at async vf (file:///C
:/Users/sushmanth/Download
s/BUSBOOKINGSYSTEM/fronten
d/node_modules/tailwindcss
/dist/chunk-L5IEUH3R.mjs:3
8:1406)
    at async uu (file:///C
:/Users/sushmanth/Download
s/BUSBOOKINGSYSTEM/fronten
d/node_modules/@tailwindcs
s/node/dist/index.mjs:10:3
458)[39m
